#-----------------------------------------------------------
# Vivado v2018.2 (64-bit)
# SW Build 2258646 on Thu Jun 14 20:03:12 MDT 2018
# IP Build 2256618 on Thu Jun 14 22:10:49 MDT 2018
# Start of session at: Sun Nov  3 13:32:41 2024
# Process ID: 17584
# Current directory: C:/Users/user/OneDrive - National University of Singapore/Documents/GitHub/EE2026_2425_Wed_AM_Team_13_Project/modifier_main
# Command line: vivado.exe -gui_launcher_event rodinguilauncherevent13228 C:\Users\user\OneDrive - National University of Singapore\Documents\GitHub\EE2026_2425_Wed_AM_Team_13_Project\modifier_main\modifier_main.xpr
# Log file: C:/Users/user/OneDrive - National University of Singapore/Documents/GitHub/EE2026_2425_Wed_AM_Team_13_Project/modifier_main/vivado.log
# Journal file: C:/Users/user/OneDrive - National University of Singapore/Documents/GitHub/EE2026_2425_Wed_AM_Team_13_Project/modifier_main\vivado.jou
#-----------------------------------------------------------
start_gui
open_project {C:/Users/user/OneDrive - National University of Singapore/Documents/GitHub/EE2026_2425_Wed_AM_Team_13_Project/modifier_main/modifier_main.xpr}
update_compile_order -fileset sources_1
