Copyright 1986-2018 Xilinx, Inc. All Rights Reserved.
---------------------------------------------------------------------------------------
| Tool Version : Vivado v.2018.2 (win64) Build 2258646 Thu Jun 14 20:03:12 MDT 2018
| Date         : Sun Nov  3 10:20:48 2024
| Host         : E-laptop running 64-bit major release  (build 9200)
| Command      : report_control_sets -verbose -file Top_Module_control_sets_placed.rpt
| Design       : Top_Module
| Device       : xc7a35t
---------------------------------------------------------------------------------------

Control Set Information

Table of Contents
-----------------
1. Summary
2. Histogram
3. Flip-Flop Distribution
4. Detailed Control Set Information

1. Summary
----------

+----------------------------------------------------------+-------+
|                          Status                          | Count |
+----------------------------------------------------------+-------+
| Number of unique control sets                            |    80 |
| Unused register locations in slices containing registers |   146 |
+----------------------------------------------------------+-------+


2. Histogram
------------

+--------+--------------+
| Fanout | Control Sets |
+--------+--------------+
|      4 |            4 |
|      6 |            3 |
|      8 |            7 |
|     10 |            4 |
|     12 |            3 |
|     14 |            3 |
|    16+ |           56 |
+--------+--------------+


3. Flip-Flop Distribution
-------------------------

+--------------+-----------------------+------------------------+-----------------+--------------+
| Clock Enable | Synchronous Set/Reset | Asynchronous Set/Reset | Total Registers | Total Slices |
+--------------+-----------------------+------------------------+-----------------+--------------+
| No           | No                    | No                     |            1484 |          316 |
| No           | No                    | Yes                    |              28 |            5 |
| No           | Yes                   | No                     |            1752 |          238 |
| Yes          | No                    | No                     |             582 |           95 |
| Yes          | No                    | Yes                    |               0 |            0 |
| Yes          | Yes                   | No                     |             216 |           30 |
+--------------+-----------------------+------------------------+-----------------+--------------+


4. Detailed Control Set Information
-----------------------------------

+-------------------------------------------------------------------+--------------------------------------------------------------------------+---------------------------------------------------------------------------------------+------------------+----------------+
|                            Clock Signal                           |                               Enable Signal                              |                                    Set/Reset Signal                                   | Slice Load Count | Bel Load Count |
+-------------------------------------------------------------------+--------------------------------------------------------------------------+---------------------------------------------------------------------------------------+------------------+----------------+
|  victory/bot/clk_200hz/CLK                                        |                                                                          | victory/nolabel_line37/SS[0]                                                          |                1 |              4 |
|  victory/player/clk_200hz/CLK                                     |                                                                          | victory/nolabel_line37/SS[0]                                                          |                1 |              4 |
|  run_ability_select_main/countdown/clk_200hz/my_clk               |                                                                          |                                                                                       |                1 |              4 |
|  run_ability_select_main/countdown/clk_200hz/my_clk               |                                                                          | run_ability_select_main/select_screen_render/count_reg[0]                             |                1 |              4 |
|  victory/bot/clk_3p75hz/SECOND_reg[2]                             |                                                                          |                                                                                       |                1 |              6 |
|  clk_IBUF_BUFG                                                    | run_ability_select_main/select_screen_render/count_reg[0]                |                                                                                       |                3 |              6 |
|  clk_IBUF_BUFG                                                    | seg[0]_i_2__0_n_0                                                        |                                                                                       |                1 |              6 |
|  clk_IBUF_BUFG                                                    | parry/E[0]                                                               |                                                                                       |                3 |              8 |
|  victory/bot/clk_3p75hz/SECOND_reg[2]                             |                                                                          | victory/nolabel_line37/SS[0]                                                          |                1 |              8 |
|  victory/bot/clk_3p75hz/SECOND_reg[2]                             | victory/bot/FOURTH                                                       | victory/bot/FOURTH[3]_i_1_n_0                                                         |                1 |              8 |
|  clk6p25m_0                                                       |                                                                          | top_screen_render/mainscreen/selector_arrow_render/oled_colour[12]_i_1__20_n_0        |                3 |              8 |
|  parry/arrow_clock/CLK                                            | parry/run_delay_counter/arrow_count_reg[0][0]                            | parry/run_delay_counter/arrow_count_reg[3]                                            |                1 |              8 |
|  scroll_reg[3]_i_2_n_0                                            |                                                                          | victory/nolabel_line37/SS[0]                                                          |                1 |              8 |
|  clk_led                                                          | parry/parry_count                                                        |                                                                                       |                1 |              8 |
|  run_ability_select_main/countdown/clk_1hz/done_reg               |                                                                          |                                                                                       |                2 |             10 |
|  parry/arrow_clock/CLK                                            |                                                                          | parry/run_delay_counter/counter[5]_i_1_n_0                                            |                1 |             10 |
|  animation_instantiate/run_clk25fps/clk25fps                      | animation_instantiate/paper_clip_x0                                      |                                                                                       |                1 |             10 |
|  animation_instantiate/run_clk30fps/clk30fps                      | animation_instantiate/paper_clip_x0                                      | animation_instantiate/paper_clip_x[6]_i_1_n_0                                         |                2 |             10 |
|  animation_instantiate/run_fourfps/fourfps                        |                                                                          |                                                                                       |                2 |             12 |
|  animation_instantiate/run_clk30fps/clk30fps                      | animation_instantiate/rock_x                                             |                                                                                       |                2 |             12 |
|  animation_instantiate/run_clk35fps/clk35fps                      | animation_instantiate/paper_clip_x0                                      |                                                                                       |                3 |             12 |
|  parry/arrow_clock/CLK                                            | parry/run_delay_counter/E[0]                                             | parry/run_delay_counter/SR[0]                                                         |                3 |             14 |
|  animation_instantiate/run_clk30fps/clk30fps                      |                                                                          |                                                                                       |                4 |             14 |
|  clk_led                                                          | parry/seg[0]_i_1_n_0                                                     |                                                                                       |                1 |             14 |
|  clk_IBUF_BUFG                                                    | seg[0]_i_2__0_n_0                                                        | seg[0]_i_1__0_n_0                                                                     |                3 |             16 |
|  clk_IBUF_BUFG                                                    | run_ability_select_main/countdown/SECOND[6]_i_1_n_0                      |                                                                                       |                2 |             18 |
|  clk6p25                                                          |                                                                          | oled_display_instance_R/oled_colour_reg[2]_8                                          |                3 |             18 |
|  run_ability_select_main/select_screen_render/run_fourfps/fourfps |                                                                          |                                                                                       |                5 |             18 |
|  run_ability_select_main/countdown/clk_200hz/my_clk               |                                                                          | run_ability_select_main/countdown/count[1]                                            |                2 |             18 |
|  victory/bot/clk_200hz/CLK                                        |                                                                          |                                                                                       |                3 |             20 |
|  clk_IBUF_BUFG                                                    |                                                                          | victory/nolabel_line37/SS[0]                                                          |                3 |             22 |
|  parry/arrow_clock/CLK                                            |                                                                          |                                                                                       |                4 |             22 |
|  victory/player/clk_200hz/CLK                                     |                                                                          |                                                                                       |                3 |             22 |
|  clk6p25                                                          |                                                                          | oled_display_instance_R/oled_colour_reg[0]_27                                         |                4 |             24 |
|  clk_IBUF_BUFG                                                    | oled_colour_L                                                            | oled_colour_L[15]_i_1_n_0                                                             |                4 |             32 |
|  clk_IBUF_BUFG                                                    | parry/led_reg[15][0]                                                     |                                                                                       |                6 |             32 |
|  clk_IBUF_BUFG                                                    | oled_colour_L                                                            |                                                                                       |                6 |             32 |
|  clk6p25                                                          | run_ability_select_main/ai_immediate_selection/oled_colour_ai_reg[15][0] |                                                                                       |               10 |             32 |
|  clk6p25                                                          | animation_instantiate/oled_colour_player[15]_i_1_n_0                     |                                                                                       |               13 |             32 |
|  victory/bot/clk_3p75hz/SECOND_reg[2]                             | victory/bot/FOURTH                                                       |                                                                                       |                4 |             34 |
| ~clk6p25m_BUFG                                                    | oled_display_instance_L/delay[0]_i_1__0_n_0                              |                                                                                       |                5 |             40 |
| ~clk6p25m_BUFG                                                    | oled_display_instance_R/delay[0]_i_1_n_0                                 |                                                                                       |                5 |             40 |
|  scroll_reg[3]_i_2_n_0                                            | victory/player/FIRST[6]_i_1_n_0                                          |                                                                                       |                5 |             56 |
|  clk_IBUF_BUFG                                                    |                                                                          | victory/bot/clk_3p75hz/count[0]_i_1__14_n_0                                           |                8 |             64 |
|  clk_IBUF_BUFG                                                    |                                                                          | top_screen_render/clk6p25m_instantiate/clear__0                                       |                8 |             64 |
|  clk6p25                                                          | animation_instantiate/E[0]                                               |                                                                                       |                9 |             64 |
|  clk_IBUF_BUFG                                                    |                                                                          | run_ability_select_main/select_screen_render/clk6p25m_instantiate/count[0]_i_1__5_n_0 |                8 |             64 |
|  clk_IBUF_BUFG                                                    |                                                                          | run_ability_select_main/select_screen_render/run_fourfps/clear                        |                8 |             64 |
|  clk_IBUF_BUFG                                                    |                                                                          | run_ability_select_main/select_screen_render/player_select/clk6p25m_instantiate/clear |                8 |             64 |
|  clk_IBUF_BUFG                                                    |                                                                          | debounce_btnL/counter[0]_i_1__1_n_0                                                   |                8 |             64 |
|  clk_IBUF_BUFG                                                    |                                                                          | debounce_btnR/counter[0]_i_1__2_n_0                                                   |                8 |             64 |
|  clk_IBUF_BUFG                                                    |                                                                          | debounce_btnU/counter[0]_i_1__0_n_0                                                   |                8 |             64 |
|  clk_IBUF_BUFG                                                    |                                                                          | animation_instantiate/clk6p25m/count[0]_i_1__2_n_0                                    |                8 |             64 |
|  clk_IBUF_BUFG                                                    |                                                                          | animation_instantiate/run_clk25fps/count[0]_i_1__3_n_0                                |                8 |             64 |
|  clk_IBUF_BUFG                                                    |                                                                          | animation_instantiate/run_clk30fps/clear                                              |                8 |             64 |
|  clk_IBUF_BUFG                                                    |                                                                          | animation_instantiate/run_clk35fps/count[0]_i_1__0_n_0                                |                8 |             64 |
|  clk_IBUF_BUFG                                                    |                                                                          | animation_instantiate/run_fourfps/count[0]_i_1__1_n_0                                 |                8 |             64 |
|  clk_IBUF_BUFG                                                    |                                                                          | debounce_btnC/counter[0]_i_1__4_n_0                                                   |                8 |             64 |
|  clk_IBUF_BUFG                                                    |                                                                          | victory/player/clk_200hz/clear                                                        |                8 |             64 |
|  clk_IBUF_BUFG                                                    |                                                                          | victory/player/clk_3p75hz/count[0]_i_1__12_n_0                                        |                8 |             64 |
|  clk_IBUF_BUFG                                                    |                                                                          | run_ability_select_main/countdown/clk_200hz/count[0]_i_1__11_n_0                      |                8 |             64 |
|  clk_IBUF_BUFG                                                    |                                                                          | victory/bot/clk_200hz/count[0]_i_1__15_n_0                                            |                8 |             64 |
| ~clk6p25m_BUFG                                                    | oled_display_instance_L/FSM_onehot_state[31]_i_1__0_n_0                  |                                                                                       |                9 |             64 |
|  clk_IBUF_BUFG                                                    | count_delay[31]_i_2_n_0                                                  | run_ability_select_main/ai_immediate_selection/count_delay_reg[0]                     |                8 |             64 |
| ~clk6p25m_BUFG                                                    | oled_display_instance_R/FSM_onehot_state[31]_i_1_n_0                     |                                                                                       |                7 |             64 |
|  clk_IBUF_BUFG                                                    |                                                                          | parry/led_clock/count[0]_i_1__7_n_0                                                   |                8 |             64 |
|  clk_IBUF_BUFG                                                    |                                                                          | parry/arrow_clock/clear                                                               |                8 |             64 |
|  clk_IBUF_BUFG                                                    |                                                                          | clk6p25m_instantiate/count[0]_i_1__17_n_0                                             |                8 |             64 |
|  clk_led                                                          | parry/time_count[0]_i_2_n_0                                              | parry/time_count                                                                      |                8 |             64 |
|  clk_IBUF_BUFG                                                    |                                                                          | run_ability_select_main/countdown/clk_1hz/clear                                       |                8 |             64 |
|  clk_IBUF_BUFG                                                    |                                                                          | debounce_btnD/counter[0]_i_1__3_n_0                                                   |                8 |             64 |
| ~clk6p25m_BUFG                                                    |                                                                          |                                                                                       |               15 |             76 |
| ~clk6p25m_BUFG                                                    |                                                                          | oled_display_instance_R/spi_word[39]_i_1_n_0                                          |               22 |             90 |
| ~clk6p25m_BUFG                                                    |                                                                          | oled_display_instance_L/spi_word[39]_i_1__0_n_0                                       |               16 |             90 |
|  clk_IBUF_BUFG                                                    |                                                                          |                                                                                       |               38 |            100 |
|  select_screen_render/player_select/clk6p25m                      |                                                                          |                                                                                       |               22 |            118 |
|  clk_led                                                          |                                                                          |                                                                                       |               30 |            148 |
|  select_screen_render/clk6p25m                                    |                                                                          |                                                                                       |               31 |            154 |
|  clk6p25m_0                                                       |                                                                          |                                                                                       |               44 |            188 |
|  clk6p25                                                          |                                                                          |                                                                                       |              115 |            582 |
+-------------------------------------------------------------------+--------------------------------------------------------------------------+---------------------------------------------------------------------------------------+------------------+----------------+


