Copyright 1986-2018 Xilinx, Inc. All Rights Reserved.
---------------------------------------------------------------------------------------
| Tool Version : Vivado v.2018.2 (win64) Build 2258646 Thu Jun 14 20:03:12 MDT 2018
| Date         : Wed Oct 30 21:58:40 2024
| Host         : DESKTOP-VGVE9I8 running 64-bit major release  (build 9200)
| Command      : report_control_sets -verbose -file Top_Module_control_sets_placed.rpt
| Design       : Top_Module
| Device       : xc7a35t
---------------------------------------------------------------------------------------

Control Set Information

Table of Contents
-----------------
1. Summary
2. Histogram
3. Flip-Flop Distribution
4. Detailed Control Set Information

1. Summary
----------

+----------------------------------------------------------+-------+
|                          Status                          | Count |
+----------------------------------------------------------+-------+
| Number of unique control sets                            |    47 |
| Unused register locations in slices containing registers |   124 |
+----------------------------------------------------------+-------+


2. Histogram
------------

+--------+--------------+
| Fanout | Control Sets |
+--------+--------------+
|      2 |            2 |
|      4 |            3 |
|      6 |            1 |
|      8 |            3 |
|     10 |            4 |
|     12 |            2 |
|    16+ |           32 |
+--------+--------------+


3. Flip-Flop Distribution
-------------------------

+--------------+-----------------------+------------------------+-----------------+--------------+
| Clock Enable | Synchronous Set/Reset | Asynchronous Set/Reset | Total Registers | Total Slices |
+--------------+-----------------------+------------------------+-----------------+--------------+
| No           | No                    | No                     |            1338 |          314 |
| No           | No                    | Yes                    |               4 |            1 |
| No           | Yes                   | No                     |            1058 |          151 |
| Yes          | No                    | No                     |             304 |           47 |
| Yes          | No                    | Yes                    |               0 |            0 |
| Yes          | Yes                   | No                     |              36 |            5 |
+--------------+-----------------------+------------------------+-----------------+--------------+


4. Detailed Control Set Information
-----------------------------------

+---------------------------------------------------------------------------+---------------------------------------------------------------------------+-------------------------------------------------------------------------------------------------------------+------------------+----------------+
|                                Clock Signal                               |                               Enable Signal                               |                                               Set/Reset Signal                                              | Slice Load Count | Bel Load Count |
+---------------------------------------------------------------------------+---------------------------------------------------------------------------+-------------------------------------------------------------------------------------------------------------+------------------+----------------+
|  top_screen_render/is_start                                               |                                                                           |                                                                                                             |                1 |              2 |
|  run_top_module_battle/run_ability_select_main/countdown/clk_1hz/done_reg |                                                                           |                                                                                                             |                1 |              2 |
|  run_top_module_battle/run_ability_select_main/countdown/clk_200hz/my_clk |                                                                           | run_top_module_battle/run_ability_select_main/countdown/an[1]_i_1_n_2                                       |                1 |              4 |
|  run_top_module_battle/run_ability_select_main/countdown/clk_200hz/my_clk |                                                                           | run_top_module_battle/run_ability_select_main/countdown/state_reg[0]_0                                      |                1 |              4 |
| ~clk6p25m_BUFG                                                            |                                                                           |                                                                                                             |                2 |              4 |
|  debounce_btnR/btnR_stable                                                |                                                                           |                                                                                                             |                1 |              6 |
|  run_top_module_battle/run_ability_select_main/countdown/clk_1hz/done_reg | run_top_module_battle/run_ability_select_main/countdown/state[3]_i_1_n_2  | run_top_module_battle/run_ability_select_main/countdown/state_reg[0]_0                                      |                1 |              8 |
|  clk6p25m_0                                                               |                                                                           | top_screen_render/mainscreen/selector_arrow_render/oled_colour[12]_i_1__25_n_2                              |                2 |              8 |
|  clk_IBUF_BUFG                                                            | run_top_module_battle/run_ability_select_main/countdown/SECOND[3]_i_1_n_2 | run_top_module_battle/run_ability_select_main/countdown/SECOND[6]_i_1_n_2                                   |                1 |              8 |
|  run_top_module_battle/animation_instantiate/run_clk30fps/clk30fps        | n_0_2229_BUFG                                                             | run_top_module_battle/animation_instantiate/paper_clip_x[6]_i_1_n_2                                         |                1 |             10 |
|  run_top_module_battle/animation_instantiate/run_clk25fps/clk25fps        | n_0_2229_BUFG                                                             |                                                                                                             |                1 |             10 |
|  run_top_module_battle/animation_instantiate/run_clk30fps/clk30fps        | run_top_module_battle/animation_instantiate/rock_x[6]_i_2_n_2             | run_top_module_battle/animation_instantiate/rock_x[6]_i_1_n_2                                               |                2 |             10 |
|  clk_IBUF_BUFG                                                            | run_top_module_battle/run_ability_select_main/countdown/SECOND[3]_i_1_n_2 |                                                                                                             |                1 |             10 |
|  run_top_module_battle/animation_instantiate/run_clk30fps/clk30fps        |                                                                           |                                                                                                             |                3 |             12 |
|  run_top_module_battle/animation_instantiate/run_clk35fps/clk35fps        | n_0_2229_BUFG                                                             |                                                                                                             |                4 |             12 |
|  run_top_module_battle/run_ability_select_main/countdown/clk_200hz/my_clk |                                                                           | run_top_module_battle/run_ability_select_main/countdown/count[1]                                            |                2 |             18 |
|  run_top_module_battle/animation_instantiate/run_fourfps/fourfps          |                                                                           |                                                                                                             |                5 |             18 |
|  animation_instantiate/clk6p25                                            |                                                                           | oled_display_instance_R/oled_colour_reg[15]_11                                                              |                2 |             18 |
|  animation_instantiate/clk6p25                                            |                                                                           | oled_display_instance_R/oled_colour_reg[10]_0                                                               |                5 |             24 |
|  clk_IBUF_BUFG                                                            |                                                                           | run_top_module_battle/run_ability_select_main/countdown/state_reg[0]_0                                      |                5 |             34 |
| ~clk6p25m_BUFG                                                            |                                                                           | oled_display_instance_L/frame_counter[16]_i_1__0_n_2                                                        |                5 |             34 |
| ~clk6p25m_BUFG                                                            |                                                                           | oled_display_instance_R/frame_counter[16]_i_1_n_2                                                           |                5 |             34 |
| ~clk6p25m_BUFG                                                            | oled_display_instance_R/delay[0]_i_1_n_2                                  |                                                                                                             |                5 |             40 |
| ~clk6p25m_BUFG                                                            | oled_display_instance_L/delay[0]_i_1__0_n_2                               |                                                                                                             |                5 |             40 |
|  clk_IBUF_BUFG                                                            |                                                                           | run_top_module_battle/run_ability_select_main/countdown/clk_200hz/count[0]_i_1__6_n_2                       |                8 |             64 |
|  clk_IBUF_BUFG                                                            |                                                                           | run_top_module_battle/animation_instantiate/clk6p25m/count[0]_i_1__1_n_2                                    |                8 |             64 |
|  clk_IBUF_BUFG                                                            |                                                                           | run_top_module_battle/animation_instantiate/run_clk25fps/count[0]_i_1__0_n_2                                |                8 |             64 |
|  clk_IBUF_BUFG                                                            |                                                                           | run_top_module_battle/animation_instantiate/run_clk35fps/count[0]_i_1__3_n_2                                |                8 |             64 |
|  clk_IBUF_BUFG                                                            |                                                                           | run_top_module_battle/animation_instantiate/run_fourfps/clear                                               |                8 |             64 |
|  clk_IBUF_BUFG                                                            |                                                                           | run_top_module_battle/run_ability_select_main/countdown/clk_1hz/clear                                       |                8 |             64 |
|  clk_IBUF_BUFG                                                            | run_top_module_battle/oled_colour_L[15]_i_1_n_2                           |                                                                                                             |               14 |             64 |
|  clk_IBUF_BUFG                                                            |                                                                           | top_screen_render/clk6p25m_instantiate/clear                                                                |                8 |             64 |
|  clk_IBUF_BUFG                                                            |                                                                           | clk6p25m_instantiate/clear                                                                                  |                8 |             64 |
|  clk_IBUF_BUFG                                                            |                                                                           | run_top_module_battle/run_ability_select_main/select_screen_render/clk6p25m_instantiate/clear               |                8 |             64 |
|  clk_IBUF_BUFG                                                            |                                                                           | run_top_module_battle/run_ability_select_main/select_screen_render/player_select/clk6p25m_instantiate/clear |                8 |             64 |
|  clk_IBUF_BUFG                                                            |                                                                           | run_top_module_battle/animation_instantiate/run_clk30fps/clear__0                                           |                8 |             64 |
| ~clk6p25m_BUFG                                                            | oled_display_instance_L/state                                             |                                                                                                             |                8 |             64 |
| ~clk6p25m_BUFG                                                            | oled_display_instance_R/state                                             |                                                                                                             |                9 |             64 |
|  n_0_2229_BUFG                                                            |                                                                           |                                                                                                             |               15 |             64 |
|  n_1_2230_BUFG                                                            |                                                                           |                                                                                                             |               17 |             64 |
| ~clk6p25m_BUFG                                                            |                                                                           | oled_display_instance_L/spi_word[39]_i_1__0_n_2                                                             |               15 |             90 |
| ~clk6p25m_BUFG                                                            |                                                                           | oled_display_instance_R/spi_word[39]_i_1_n_2                                                                |               21 |             90 |
|  run_ability_select_main/select_screen_render/player_select/clk6p25m      |                                                                           |                                                                                                             |               23 |            118 |
|  run_ability_select_main/select_screen_render/clk6p25m                    |                                                                           |                                                                                                             |               34 |            154 |
|  clk_IBUF_BUFG                                                            |                                                                           |                                                                                                             |               43 |            228 |
|  clk6p25m_0                                                               |                                                                           |                                                                                                             |               67 |            236 |
|  animation_instantiate/clk6p25                                            |                                                                           |                                                                                                             |              104 |            438 |
+---------------------------------------------------------------------------+---------------------------------------------------------------------------+-------------------------------------------------------------------------------------------------------------+------------------+----------------+


